[33m>[39m Building...
[32m√[39m Building...
[1mInitial chunk files[22m[2m | [22m[1mNames[22m                                [2m | [22m [1mRaw size[22m
[32mstyles.css[39m         [2m | [22m[2mstyles[22m                               [2m | [22m [36m92.80 kB[39m[2m | [22m
[32mmain.js[39m            [2m | [22m[2mmain[22m                                 [2m | [22m  [36m6.06 kB[39m[2m | [22m
[32mchunk-PH6ZXBVE.js[39m  [2m | [22m[2m-[22m                                    [2m | [22m  [36m3.88 kB[39m[2m | [22m
[32mchunk-CZJLB7T5.js[39m  [2m | [22m[2m-[22m                                    [2m | [22m  [36m1.08 kB[39m[2m | [22m

[1m [22m                  [2m | [22m[1mInitial total[22m                        [2m | [22m[1m103.83 kB[22m

[1mLazy chunk files[22m   [2m | [22m[1mNames[22m                                [2m | [22m [1mRaw size[22m
[32mchunk-2C5ZFHOM.js[39m  [2m | [22m[2mdashboard-routes[22m                     [2m | [22m  [36m1.24 MB[39m[2m | [22m
[32mchunk-BJPLJYKM.js[39m  [2m | [22m[2mindex[22m                                [2m | [22m[36m853.43 kB[39m[2m | [22m
[32mchunk-NAIEHPKG.js[39m  [2m | [22m[2mindex[22m                                [2m | [22m[36m812.52 kB[39m[2m | [22m
[32mchunk-RLR3X63C.js[39m  [2m | [22m[2mstorefront-component[22m                 [2m | [22m[36m556.22 kB[39m[2m | [22m
[32mchunk-ZNQ2KWZN.js[39m  [2m | [22m[2mproduct-details-component[22m            [2m | [22m[36m456.38 kB[39m[2m | [22m
[32mchunk-XGUXUOFA.js[39m  [2m | [22m[2mprofile-page-component[22m               [2m | [22m[36m319.01 kB[39m[2m | [22m
[32mchunk-NVAVSLHV.js[39m  [2m | [22m[2mpromoter-product-details-component[22m   [2m | [22m[36m318.67 kB[39m[2m | [22m
[32mchunk-YA56G5CP.js[39m  [2m | [22m[2mmarketer-product-detail-component[22m    [2m | [22m[36m302.00 kB[39m[2m | [22m
[32mchunk-MLQYV54O.js[39m  [2m | [22m[2m-[22m                                    [2m | [22m[36m299.41 kB[39m[2m | [22m
[32mchunk-42KA4Q5Y.js[39m  [2m | [22m[2mcreate-campaign-component[22m            [2m | [22m[36m280.22 kB[39m[2m | [22m
[32mchunk-L3LGTUCA.js[39m  [2m | [22m[2mpromotion-component[22m                  [2m | [22m[36m276.87 kB[39m[2m | [22m
[32mchunk-WCTUTMFE.js[39m  [2m | [22m[2maccount-component[22m                    [2m | [22m[36m256.39 kB[39m[2m | [22m
[32mchunk-FHEHPCTW.js[39m  [2m | [22m[2mmarketer-product-list-index-component[22m[2m | [22m[36m253.01 kB[39m[2m | [22m
[32mchunk-ED43AYEL.js[39m  [2m | [22m[2mpromoter-products-list-component[22m     [2m | [22m[36m251.38 kB[39m[2m | [22m
[32mchunk-5W2BTHLR.js[39m  [2m | [22m[2mcampaign-details-component[22m           [2m | [22m[36m229.73 kB[39m[2m | [22m
[2m...and 127 more lazy chunks files. Use "--verbose" to show all the files.[22m

Application bundle generation complete. [68.208 seconds]

Watch mode enabled. Watching for file changes...
NOTE: Raw file sizes do not reflect development server per-request transformations.
  [32m➜[39m  [1mLocal[22m:   [36mhttp://localhost:[1m4200[22m/[39m
[33m>[39m Changes detected. Rebuilding...
[32m√[39m Changes detected. Rebuilding...
[1mInitial chunk files[22m[2m | [22m[1mNames[22m           [2m | [22m[1mRaw size[22m
[32mmain.js[39m            [2m | [22m[2mmain[22m            [2m | [22m [36m6.06 kB[39m[2m | [22m

[1mLazy chunk files[22m   [2m | [22m[1mNames[22m           [2m | [22m[1mRaw size[22m
[32mchunk-DRBQW3IB.js[39m  [2m | [22m[2mdashboard-routes[22m[2m | [22m [36m1.24 MB[39m[2m | [22m

Application bundle generation complete. [45.501 seconds]

Page reload sent to client(s).
[33m>[39m Changes detected. Rebuilding...
[32m√[39m Changes detected. Rebuilding...
[1mInitial chunk files[22m[2m | [22m[1mNames[22m                      [2m | [22m[1mRaw size[22m
[32mmain.js[39m            [2m | [22m[2mmain[22m                       [2m | [22m [36m6.06 kB[39m[2m | [22m

[1mLazy chunk files[22m   [2m | [22m[1mNames[22m                      [2m | [22m[1mRaw size[22m
[32mchunk-NIYN5LNV.js[39m  [2m | [22m[2mdashboard-routes[22m           [2m | [22m [36m1.24 MB[39m[2m | [22m
[32mchunk-VCYZ34UX.js[39m  [2m | [22m[2mstore-subscribers-component[22m[2m | [22m[36m51.37 kB[39m[2m | [22m
[32mchunk-5324CWNC.js[39m  [2m | [22m[2mstore-routes[22m               [2m | [22m [36m2.93 kB[39m[2m | [22m

Application bundle generation complete. [3.277 seconds]

Component update sent to client(s).
[33m>[39m Changes detected. Rebuilding...
[32m√[39m Changes detected. Rebuilding...
Application bundle generation failed. [3.444 seconds]

